// Jest Snapshot v1, https://goo.gl/fbAQLP

exports[`Sign in form should render correctly 1`] = `
<View>
  <View>
    <Text
      style={
        Object {
          "margin": 8,
          "marginLeft": 0,
        }
      }
    >
      Email
    </Text>
    <TextInput
      allowFontScaling={true}
      autoCapitalize="none"
      autoCorrect={false}
      blurOnSubmit={false}
      keyboardType="email-address"
      onBlur={[Function]}
      onChangeText={[Function]}
      onSubmitEditing={[Function]}
      rejectResponderTermination={true}
      returnKeyType="next"
      style={
        Array [
          Object {
            "backgroundColor": "#f7f7f7",
            "borderColor": "black",
            "borderRadius": 4,
            "height": 50,
            "padding": 16,
          },
          undefined,
        ]
      }
      underlineColorAndroid="transparent"
    />
  </View>
  <View>
    <Text
      style={
        Object {
          "margin": 8,
          "marginLeft": 0,
        }
      }
    >
      Password
    </Text>
    <TextInput
      allowFontScaling={true}
      autoCapitalize="none"
      autoCorrect={false}
      onBlur={[Function]}
      onChangeText={[Function]}
      onSubmitEditing={[Function]}
      rejectResponderTermination={true}
      secureTextEntry={true}
      style={
        Array [
          Object {
            "backgroundColor": "#f7f7f7",
            "borderColor": "black",
            "borderRadius": 4,
            "height": 50,
            "padding": 16,
          },
          undefined,
        ]
      }
      underlineColorAndroid="transparent"
    />
  </View>
  <View
    style={
      Object {
        "marginVertical": 16,
      }
    }
  >
    <Text
      accessible={true}
      focusable={true}
      onClick={[Function]}
      onResponderGrant={[Function]}
      onResponderMove={[Function]}
      onResponderRelease={[Function]}
      onResponderTerminate={[Function]}
      onResponderTerminationRequest={[Function]}
      onStartShouldSetResponder={[Function]}
      style={
        Array [
          Object {
            "color": "#121212",
          },
          Object {
            "textAlign": "center",
          },
        ]
      }
    >
      Forgot your Password?
    </Text>
  </View>
  <View
    accessible={true}
    focusable={true}
    onClick={[Function]}
    onResponderGrant={[Function]}
    onResponderMove={[Function]}
    onResponderRelease={[Function]}
    onResponderTerminate={[Function]}
    onResponderTerminationRequest={[Function]}
    onStartShouldSetResponder={[Function]}
  >
    <View
      style={
        Array [
          Object {
            "backgroundColor": "#fff",
          },
          Object {
            "backgroundColor": "#ffde59",
            "borderRadius": 4,
            "fontWeight": "500",
            "height": 50,
            "justifyContent": "center",
          },
        ]
      }
    >
      <Text
        style={
          Array [
            Object {
              "color": "#121212",
            },
            Array [
              Object {
                "color": "#121212",
                "textAlign": "center",
              },
            ],
          ]
        }
      >
        Login
      </Text>
    </View>
  </View>
</View>
`;
